 my content 
foo barfoo barfoo bar
foo barfoo barfoo bar
 my content 