 10ahojy
7 30.42 3030 28trueretezec s lomitkem \ a
novym#radkem