Move disk 1 from row A to rod C
Move disk 2 from row A to rod B
Move disk 1 from row C to rod B
Move disk 3 from row A to rod C
Move disk 1 from row B to rod A
Move disk 2 from row B to rod C
Move disk 1 from row A to rod C
Move disk 4 from row A to rod B
Move disk 1 from row C to rod B
Move disk 2 from row C to rod A
Move disk 1 from row B to rod A
Move disk 3 from row C to rod B
Move disk 1 from row A to rod C
Move disk 2 from row A to rod B
Move disk 1 from row C to rod B
