 barman barman barman barman barman barman barman barman barman barman barman barman barman barman barman barman barman barman barman barman barman barman barman barman barman barman barman barman barman barman barman barman barman barman barman barman barman barman barman barman barman barman