 25.54 22.25 18.96 15.67 12.38 9.09 5.8 2.51-0.78-4.07-7.36-10.65-13.94-17.23-20.52-23.81