-49.98-33.98-17.98-1.98 14.02 100 89 78 67 56 45 34 23 12 1