 669878 669878 669878 669878 669878
 1234 1234 1234 1234 1234 1234