first scope
 42 0 0 0 0 0 0-7-7-7-7-7-7-7-7-7-7-7-7 67
second scope
 6
 6 15 64 25 43 20 6