 42
 42
 42
 42
 42
 42
 42
 42
 42
 42
 74
 74
 74
 74
 74
 74
 74
 74
 74
 74
 74
 74
 74
 74
 13
 13
 13
 13
 13
 13
 13
 13
 13
 13
 13
 13
 13
 13
 11
 11
 11
 11
 11
 11
 11
 11
 11
 11
