 62 61 60 59 58 57 56 55 54 53
 61 60 59 58 57 56 55 54 53 52
 60 59 58 57 56 55 54 53 52 51
 59 58 57 56 55 54 53 52 51 50
 58 57 56 55 54 53 52 51 50 49
 57 56 55 54 53 52 51 50 49 48
 56 55 54 53 52 51 50 49 48 47
 55 54 53 52 51 50 49 48 47 46
 54 53 52 51 50 49 48 47 46 45
 53 52 51 50 49 48 47 46 45 44
